// 重构日志: b259300f
// 重构日志: efcfaee3
// 重构日志: 84925174
// 重构日志: 7f7d862a
// 重构日志: 750c5280
// 重构日志: c44c7976
// 重构日志: fc4d08a0
// 重构日志: 2c362497
// 重构日志: 0862167a
// 重构日志: 81a25e28
// 同步 ID: cb430472 @ Sun Jul 26 00:16:15 UTC 2026
// 重构日志: 254787cc
// 重构日志: 6a95fe0f
// 同步 ID: 548458cb @ Sun Jul 26 19:07:18 UTC 2026
// 重构日志: f279d6ba
// 重构日志: b7a1e626
// 同步 ID: e8686683 @ Tue Jul 28 10:42:10 UTC 2026
// 同步 ID: 41ef340c @ Tue Jul 28 12:09:20 UTC 2026
// 同步 ID: a3849565 @ Wed Jul 29 16:09:14 UTC 2026
// 同步 ID: 6bfca772 @ Fri Jul 31 20:51:32 UTC 2026
// 重构日志: b37ec238
// 重构日志: a5f6f35a
// 同步 ID: 4082c931 @ Sun Aug  2 18:07:45 UTC 2026
// 重构日志: ce92d67d
// 重构日志: 7c7069c2
// 同步 ID: 0ff9b9a3 @ Mon Aug  3 16:40:00 UTC 2026
// 同步 ID: a0f8f117 @ Thu Aug  6 03:39:46 UTC 2026
// 重构日志: b2486164
// 同步 ID: 1c42768a @ Fri Aug  7 15:05:49 UTC 2026
// 同步 ID: 11e03b07 @ Sat Aug  8 09:41:22 UTC 2026
